Command line:
   Pipeline_top_isim_beh.exe
     -simmode  gui
     -simrunnum  0
     -socket  61911

Sun Jan 05 02:45:21 2025


 Elaboration Time: 0.03125 sec

 Current Memory Usage: 5156.11 Meg

 Total Signals          : 263
 Total Nets             : 1050
 Total Signal Drivers   : 78
 Total Blocks           : 25
 Total Primitive Blocks : 18
 Total Processes        : 91
 Total Traceable Variables  : 57
 Total Scalar Nets and Variables : 68302
Total Line Count : 191

 Total Simulation Time: 0.046875 sec

 Current Memory Usage: 5156.11 Meg

Sun Jan 05 02:45:26 2025

