Running: C:\Xilinx\14.7\ISE_DS\ISE\bin\nt64\unwrapped\fuse.exe -intstyle ise -incremental -lib unisims_ver -lib unimacro_ver -lib xilinxcorelib_ver -lib secureip -o E:/Documents/DSD_Group_Final/riscv-processor-dsd-project/RISCV_SingleCycle/PC_tb_isim_beh.exe -prj E:/Documents/DSD_Group_Final/riscv-processor-dsd-project/RISCV_SingleCycle/PC_tb_beh.prj work.PC_tb work.glbl 
ISim P.20131013 (signature 0x7708f090)
Number of CPUs detected in this system: 12
Turning on mult-threading, number of parallel sub-compilation jobs: 24 
Determining compilation order of HDL files
Analyzing Verilog file "E:/Documents/DSD_Group_Final/riscv-processor-dsd-project/RISCV_SingleCycle/REg_File.v" into library work
Analyzing Verilog file "E:/Documents/DSD_Group_Final/riscv-processor-dsd-project/RISCV_SingleCycle/PCplus4.v" into library work
Analyzing Verilog file "E:/Documents/DSD_Group_Final/riscv-processor-dsd-project/RISCV_SingleCycle/PC.v" into library work
Analyzing Verilog file "E:/Documents/DSD_Group_Final/riscv-processor-dsd-project/RISCV_SingleCycle/Mux.v" into library work
Analyzing Verilog file "E:/Documents/DSD_Group_Final/riscv-processor-dsd-project/RISCV_SingleCycle/Instruction_Mem.v" into library work
Analyzing Verilog file "E:/Documents/DSD_Group_Final/riscv-processor-dsd-project/RISCV_SingleCycle/ImmGen.v" into library work
Analyzing Verilog file "E:/Documents/DSD_Group_Final/riscv-processor-dsd-project/RISCV_SingleCycle/Control_Unit.v" into library work
Analyzing Verilog file "E:/Documents/DSD_Group_Final/riscv-processor-dsd-project/RISCV_SingleCycle/AND_logic.v" into library work
Analyzing Verilog file "E:/Documents/DSD_Group_Final/riscv-processor-dsd-project/RISCV_SingleCycle/ALU_unit.v" into library work
Analyzing Verilog file "E:/Documents/DSD_Group_Final/riscv-processor-dsd-project/RISCV_SingleCycle/ALU_Control.v" into library work
Analyzing Verilog file "E:/Documents/DSD_Group_Final/riscv-processor-dsd-project/RISCV_SingleCycle/Adder.v" into library work
Analyzing Verilog file "E:/Documents/DSD_Group_Final/riscv-processor-dsd-project/RISCV_SingleCycle/main.v" into library work
Analyzing Verilog file "E:/Documents/DSD_Group_Final/riscv-processor-dsd-project/RISCV_SingleCycle/test_bench.v" into library work
Analyzing Verilog file "C:/Xilinx/14.7/ISE_DS/ISE//verilog/src/glbl.v" into library work
Starting static elaboration
WARNING:HDLCompiler:267 - "E:/Documents/DSD_Group_Final/riscv-processor-dsd-project/RISCV_SingleCycle/test_bench.v" Line 13: Cannot find port PC_top on this module
WARNING:HDLCompiler:329 - "E:/Documents/DSD_Group_Final/riscv-processor-dsd-project/RISCV_SingleCycle/test_bench.v" Line 16: Target <PC_in> of concurrent assignment or output port connection should be a net type.
ERROR:HDLCompiler:25 - "E:/Documents/DSD_Group_Final/riscv-processor-dsd-project/RISCV_SingleCycle/test_bench.v" Line 17: Module <main> does not have a port named <PC_top>.
WARNING:HDLCompiler:1016 - "E:/Documents/DSD_Group_Final/riscv-processor-dsd-project/RISCV_SingleCycle/test_bench.v" Line 13: Port func3 is not connected to this instance
ERROR:Simulator:778 - Static elaboration of top level Verilog design unit(s) in library work failed
