Command line:
   tb_top_fp_operations_isim_beh.exe
     -simmode  gui
     -simrunnum  0
     -socket  62228

Sun Jan 05 11:28:39 2025


 Elaboration Time: 0.0625 sec

 Current Memory Usage: 5151.31 Meg

 Total Signals          : 52
 Total Nets             : 390
 Total Signal Drivers   : 33
 Total Blocks           : 7
 Total Primitive Blocks : 4
 Total Processes        : 44
 Total Traceable Variables  : 52
 Total Scalar Nets and Variables : 2204
Total Line Count : 146
Total Line Count : 146
Total Line Count : 146

 Total Simulation Time: 0.234375 sec

 Current Memory Usage: 4836.74 Meg

Sun Jan 05 11:38:42 2025

