Running: C:\Xilinx\14.7\ISE_DS\ISE\bin\nt64\unwrapped\fuse.exe -intstyle ise -incremental -lib unisims_ver -lib unimacro_ver -lib xilinxcorelib_ver -lib secureip -o E:/Documents/DSD_Group_Final/riscv-processor-dsd-project/Final_Version/GroupProject_SingleCycle/Single_Cycle_Top_Tb_isim_beh.exe -prj E:/Documents/DSD_Group_Final/riscv-processor-dsd-project/Final_Version/GroupProject_SingleCycle/Single_Cycle_Top_Tb_beh.prj work.Single_Cycle_Top_Tb work.glbl 
ISim P.20131013 (signature 0x7708f090)
Number of CPUs detected in this system: 12
Turning on mult-threading, number of parallel sub-compilation jobs: 24 
Determining compilation order of HDL files
Analyzing Verilog file "E:/Documents/DSD_Group_Final/riscv-processor-dsd-project/Final_Version/GroupProject_SingleCycle/../CommonFiles_SingleCycle/src/Single_Cycle_Top.v" into library work
Analyzing Verilog file "E:/Documents/DSD_Group_Final/riscv-processor-dsd-project/Final_Version/GroupProject_SingleCycle/../CommonFiles_SingleCycle/src/Single_Cycle_Top_Tb.v" into library work
Analyzing Verilog file "C:/Xilinx/14.7/ISE_DS/ISE//verilog/src/glbl.v" into library work
Starting static elaboration
WARNING:HDLCompiler:1016 - "E:/Documents/DSD_Group_Final/riscv-processor-dsd-project/Final_Version/GroupProject_SingleCycle/../CommonFiles_SingleCycle/src/Single_Cycle_Top.v" Line 34: Port leds is not connected to this instance
WARNING:HDLCompiler:1016 - "E:/Documents/DSD_Group_Final/riscv-processor-dsd-project/Final_Version/GroupProject_SingleCycle/../CommonFiles_SingleCycle/src/Single_Cycle_Top.v" Line 53: Port led_R6 is not connected to this instance
WARNING:HDLCompiler:1016 - "E:/Documents/DSD_Group_Final/riscv-processor-dsd-project/Final_Version/GroupProject_SingleCycle/../CommonFiles_SingleCycle/src/Single_Cycle_Top.v" Line 65: Port ImmSrc is not connected to this instance
Completed static elaboration
Compiling module PC_Module
Compiling module PC_Adder
Compiling module Instruction_Memory
Compiling module Register_File
Compiling module Sign_Extend
Compiling module ALU
Compiling module Main_Decoder
Compiling module ALU_Decoder
Compiling module Control_Unit_Top
Compiling module Data_Memory
Compiling module Single_Cycle_Top
Compiling module Single_Cycle_Top_Tb
Compiling module glbl
Time Resolution for simulation is 1ps.
Compiled 13 Verilog Units
Built simulation executable E:/Documents/DSD_Group_Final/riscv-processor-dsd-project/Final_Version/GroupProject_SingleCycle/Single_Cycle_Top_Tb_isim_beh.exe
Fuse Memory Usage: 28244 KB
Fuse CPU Usage: 359 ms
