Release 14.7 - xst P.20131013 (nt64)
Copyright (c) 1995-2013 Xilinx, Inc.  All rights reserved.
--> Parameter TMPDIR set to xst/projnav.tmp


Total REAL time to Xst completion: 0.00 secs
Total CPU time to Xst completion: 0.29 secs
 
--> Parameter xsthdpdir set to xst


Total REAL time to Xst completion: 0.00 secs
Total CPU time to Xst completion: 0.29 secs
 
--> Reading design: tb_top_fp_operations.prj

TABLE OF CONTENTS
  1) Synthesis Options Summary
  2) HDL Parsing
  3) HDL Elaboration
  4) HDL Synthesis
       4.1) HDL Synthesis Report
  5) Advanced HDL Synthesis
       5.1) Advanced HDL Synthesis Report
  6) Low Level Synthesis
  7) Partition Report
  8) Design Summary
       8.1) Primitive and Black Box Usage
       8.2) Device utilization summary
       8.3) Partition Resource Summary
       8.4) Timing Report
            8.4.1) Clock Information
            8.4.2) Asynchronous Control Signals Information
            8.4.3) Timing Summary
            8.4.4) Timing Details
            8.4.5) Cross Clock Domains Report


=========================================================================
*                      Synthesis Options Summary                        *
=========================================================================
---- Source Parameters
Input File Name                    : "tb_top_fp_operations.prj"
Ignore Synthesis Constraint File   : NO

---- Target Parameters
Output File Name                   : "tb_top_fp_operations"
Output Format                      : NGC
Target Device                      : xc6slx45-2-csg324

---- Source Options
Top Module Name                    : tb_top_fp_operations
Automatic FSM Extraction           : YES
FSM Encoding Algorithm             : Auto
Safe Implementation                : No
FSM Style                          : LUT
RAM Extraction                     : Yes
RAM Style                          : Auto
ROM Extraction                     : Yes
Shift Register Extraction          : YES
ROM Style                          : Auto
Resource Sharing                   : YES
Asynchronous To Synchronous        : NO
Shift Register Minimum Size        : 2
Use DSP Block                      : Auto
Automatic Register Balancing       : No

---- Target Options
LUT Combining                      : Auto
Reduce Control Sets                : Auto
Add IO Buffers                     : YES
Global Maximum Fanout              : 100000
Add Generic Clock Buffer(BUFG)     : 16
Register Duplication               : YES
Optimize Instantiated Primitives   : NO
Use Clock Enable                   : Auto
Use Synchronous Set                : Auto
Use Synchronous Reset              : Auto
Pack IO Registers into IOBs        : Auto
Equivalent register Removal        : YES

---- General Options
Optimization Goal                  : Speed
Optimization Effort                : 1
Power Reduction                    : NO
Keep Hierarchy                     : No
Netlist Hierarchy                  : As_Optimized
RTL Output                         : Yes
Global Optimization                : AllClockNets
Read Cores                         : YES
Write Timing Constraints           : NO
Cross Clock Analysis               : NO
Hierarchy Separator                : /
Bus Delimiter                      : <>
Case Specifier                     : Maintain
Slice Utilization Ratio            : 100
BRAM Utilization Ratio             : 100
DSP48 Utilization Ratio            : 100
Auto BRAM Packing                  : NO
Slice Utilization Ratio Delta      : 5

=========================================================================


=========================================================================
*                          HDL Parsing                                  *
=========================================================================
Analyzing Verilog file "E:\Documents\DSD_Group_Final\riscv-processor-dsd-project\Final_Version\Inidivual_V2.0\substractor_float.v" into library work
Parsing module <substractor_float>.
Parsing module <leading_zero_counter_sync>.
Analyzing Verilog file "E:\Documents\DSD_Group_Final\riscv-processor-dsd-project\Final_Version\Inidivual_V2.0\fp_multiplier_32.v" into library work
Parsing module <fp_multiplier_32>.
Analyzing Verilog file "E:\Documents\DSD_Group_Final\riscv-processor-dsd-project\Final_Version\Inidivual_V2.0\adder_float.v" into library work
Parsing module <adder_float>.
Analyzing Verilog file "E:\Documents\DSD_Group_Final\riscv-processor-dsd-project\Final_Version\Inidivual_V2.0\top_fp_operations.v" into library work
Parsing module <top_fp_operations>.
Analyzing Verilog file "E:\Documents\DSD_Group_Final\riscv-processor-dsd-project\Final_Version\Inidivual_V2.0\tb_top_fp_operations.v" into library work
Parsing module <tb_top_fp_operations>.

=========================================================================
*                            HDL Elaboration                            *
=========================================================================
WARNING:HDLCompiler:1016 - "E:\Documents\DSD_Group_Final\riscv-processor-dsd-project\Final_Version\Inidivual_V2.0\tb_top_fp_operations.v" Line 13: Port leds is not connected to this instance

Elaborating module <tb_top_fp_operations>.
"E:\Documents\DSD_Group_Final\riscv-processor-dsd-project\Final_Version\Inidivual_V2.0\tb_top_fp_operations.v" Line 28. $display Time\tSelect\tResult
WARNING:HDLCompiler:817 - "E:\Documents\DSD_Group_Final\riscv-processor-dsd-project\Final_Version\Inidivual_V2.0\tb_top_fp_operations.v" Line 31: System task monitor ignored for synthesis
WARNING:HDLCompiler:817 - "E:\Documents\DSD_Group_Final\riscv-processor-dsd-project\Final_Version\Inidivual_V2.0\tb_top_fp_operations.v" Line 51: System task stop ignored for synthesis
WARNING:HDLCompiler:872 - "E:\Documents\DSD_Group_Final\riscv-processor-dsd-project\Final_Version\Inidivual_V2.0\tb_top_fp_operations.v" Line 22: Using initial value of select since it is never assigned

Elaborating module <top_fp_operations>.

Elaborating module <adder_float>.
WARNING:HDLCompiler:413 - "E:\Documents\DSD_Group_Final\riscv-processor-dsd-project\Final_Version\Inidivual_V2.0\adder_float.v" Line 52: Result of 9-bit expression is truncated to fit in 8-bit target.

Elaborating module <substractor_float>.

Elaborating module <leading_zero_counter_sync>.
WARNING:HDLCompiler:413 - "E:\Documents\DSD_Group_Final\riscv-processor-dsd-project\Final_Version\Inidivual_V2.0\substractor_float.v" Line 79: Result of 6-bit expression is truncated to fit in 5-bit target.

Elaborating module <fp_multiplier_32>.
WARNING:HDLCompiler:413 - "E:\Documents\DSD_Group_Final\riscv-processor-dsd-project\Final_Version\Inidivual_V2.0\fp_multiplier_32.v" Line 57: Result of 10-bit expression is truncated to fit in 8-bit target.
WARNING:HDLCompiler:413 - "E:\Documents\DSD_Group_Final\riscv-processor-dsd-project\Final_Version\Inidivual_V2.0\fp_multiplier_32.v" Line 60: Result of 9-bit expression is truncated to fit in 8-bit target.
WARNING:HDLCompiler:1127 - "E:\Documents\DSD_Group_Final\riscv-processor-dsd-project\Final_Version\Inidivual_V2.0\tb_top_fp_operations.v" Line 16: Assignment to result ignored, since the identifier is never used
WARNING:Xst:2972 - "E:\Documents\DSD_Group_Final\riscv-processor-dsd-project\Final_Version\Inidivual_V2.0\tb_top_fp_operations.v" line 13. All outputs of instance <uut> of block <top_fp_operations> are unconnected in block <tb_top_fp_operations>. Underlying logic will be removed.

=========================================================================
*                           HDL Synthesis                               *
=========================================================================

Synthesizing Unit <tb_top_fp_operations>.
    Related source file is "E:\Documents\DSD_Group_Final\riscv-processor-dsd-project\Final_Version\Inidivual_V2.0\tb_top_fp_operations.v".
INFO:Xst:3210 - "E:\Documents\DSD_Group_Final\riscv-processor-dsd-project\Final_Version\Inidivual_V2.0\tb_top_fp_operations.v" line 13: Output port <result> of the instance <uut> is unconnected or connected to loadless signal.
INFO:Xst:3210 - "E:\Documents\DSD_Group_Final\riscv-processor-dsd-project\Final_Version\Inidivual_V2.0\tb_top_fp_operations.v" line 13: Output port <leds> of the instance <uut> is unconnected or connected to loadless signal.
    Summary:
	no macro.
Unit <tb_top_fp_operations> synthesized.

Synthesizing Unit <adder_float>.
    Related source file is "E:\Documents\DSD_Group_Final\riscv-processor-dsd-project\Final_Version\Inidivual_V2.0\adder_float.v".
    Found 1-bit register for signal <mant_a_shifted<23>>.
    Found 1-bit register for signal <mant_a_shifted<22>>.
    Found 1-bit register for signal <mant_a_shifted<21>>.
    Found 1-bit register for signal <mant_a_shifted<20>>.
    Found 1-bit register for signal <mant_a_shifted<19>>.
    Found 1-bit register for signal <mant_a_shifted<18>>.
    Found 1-bit register for signal <mant_a_shifted<17>>.
    Found 1-bit register for signal <mant_a_shifted<16>>.
    Found 1-bit register for signal <mant_a_shifted<15>>.
    Found 1-bit register for signal <mant_a_shifted<14>>.
    Found 1-bit register for signal <mant_a_shifted<13>>.
    Found 1-bit register for signal <mant_a_shifted<12>>.
    Found 1-bit register for signal <mant_a_shifted<11>>.
    Found 1-bit register for signal <mant_a_shifted<10>>.
    Found 1-bit register for signal <mant_a_shifted<9>>.
    Found 1-bit register for signal <mant_a_shifted<8>>.
    Found 1-bit register for signal <mant_a_shifted<7>>.
    Found 1-bit register for signal <mant_a_shifted<6>>.
    Found 1-bit register for signal <mant_a_shifted<5>>.
    Found 1-bit register for signal <mant_a_shifted<4>>.
    Found 1-bit register for signal <mant_a_shifted<3>>.
    Found 1-bit register for signal <mant_a_shifted<2>>.
    Found 1-bit register for signal <mant_a_shifted<1>>.
    Found 1-bit register for signal <mant_a_shifted<0>>.
    Found 1-bit register for signal <mant_b_shifted<23>>.
    Found 1-bit register for signal <mant_b_shifted<22>>.
    Found 1-bit register for signal <mant_b_shifted<21>>.
    Found 1-bit register for signal <mant_b_shifted<20>>.
    Found 1-bit register for signal <mant_b_shifted<19>>.
    Found 1-bit register for signal <mant_b_shifted<18>>.
    Found 1-bit register for signal <mant_b_shifted<17>>.
    Found 1-bit register for signal <mant_b_shifted<16>>.
    Found 1-bit register for signal <mant_b_shifted<15>>.
    Found 1-bit register for signal <mant_b_shifted<14>>.
    Found 1-bit register for signal <mant_b_shifted<13>>.
    Found 1-bit register for signal <mant_b_shifted<12>>.
    Found 1-bit register for signal <mant_b_shifted<11>>.
    Found 1-bit register for signal <mant_b_shifted<10>>.
    Found 1-bit register for signal <mant_b_shifted<9>>.
    Found 1-bit register for signal <mant_b_shifted<8>>.
    Found 1-bit register for signal <mant_b_shifted<7>>.
    Found 1-bit register for signal <mant_b_shifted<6>>.
    Found 1-bit register for signal <mant_b_shifted<5>>.
    Found 1-bit register for signal <mant_b_shifted<4>>.
    Found 1-bit register for signal <mant_b_shifted<3>>.
    Found 1-bit register for signal <mant_b_shifted<2>>.
    Found 1-bit register for signal <mant_b_shifted<1>>.
    Found 1-bit register for signal <mant_b_shifted<0>>.
    Found 1-bit register for signal <mant_sum<24>>.
    Found 1-bit register for signal <mant_sum<23>>.
    Found 1-bit register for signal <mant_sum<22>>.
    Found 1-bit register for signal <mant_sum<21>>.
    Found 1-bit register for signal <mant_sum<20>>.
    Found 1-bit register for signal <mant_sum<19>>.
    Found 1-bit register for signal <mant_sum<18>>.
    Found 1-bit register for signal <mant_sum<17>>.
    Found 1-bit register for signal <mant_sum<16>>.
    Found 1-bit register for signal <mant_sum<15>>.
    Found 1-bit register for signal <mant_sum<14>>.
    Found 1-bit register for signal <mant_sum<13>>.
    Found 1-bit register for signal <mant_sum<12>>.
    Found 1-bit register for signal <mant_sum<11>>.
    Found 1-bit register for signal <mant_sum<10>>.
    Found 1-bit register for signal <mant_sum<9>>.
    Found 1-bit register for signal <mant_sum<8>>.
    Found 1-bit register for signal <mant_sum<7>>.
    Found 1-bit register for signal <mant_sum<6>>.
    Found 1-bit register for signal <mant_sum<5>>.
    Found 1-bit register for signal <mant_sum<4>>.
    Found 1-bit register for signal <mant_sum<3>>.
    Found 1-bit register for signal <mant_sum<2>>.
    Found 1-bit register for signal <mant_sum<1>>.
    Found 1-bit register for signal <mant_sum<0>>.
    Found 1-bit register for signal <sign_result>.
    Found 1-bit register for signal <mant_result<22>>.
    Found 1-bit register for signal <mant_result<21>>.
    Found 1-bit register for signal <mant_result<20>>.
    Found 1-bit register for signal <mant_result<19>>.
    Found 1-bit register for signal <mant_result<18>>.
    Found 1-bit register for signal <mant_result<17>>.
    Found 1-bit register for signal <mant_result<16>>.
    Found 1-bit register for signal <mant_result<15>>.
    Found 1-bit register for signal <mant_result<14>>.
    Found 1-bit register for signal <mant_result<13>>.
    Found 1-bit register for signal <mant_result<12>>.
    Found 1-bit register for signal <mant_result<11>>.
    Found 1-bit register for signal <mant_result<10>>.
    Found 1-bit register for signal <mant_result<9>>.
    Found 1-bit register for signal <mant_result<8>>.
    Found 1-bit register for signal <mant_result<7>>.
    Found 1-bit register for signal <mant_result<6>>.
    Found 1-bit register for signal <mant_result<5>>.
    Found 1-bit register for signal <mant_result<4>>.
    Found 1-bit register for signal <mant_result<3>>.
    Found 1-bit register for signal <mant_result<2>>.
    Found 1-bit register for signal <mant_result<1>>.
    Found 1-bit register for signal <mant_result<0>>.
    Found 1-bit register for signal <exp_result<7>>.
    Found 1-bit register for signal <exp_result<6>>.
    Found 1-bit register for signal <exp_result<5>>.
    Found 1-bit register for signal <exp_result<4>>.
    Found 1-bit register for signal <exp_result<3>>.
    Found 1-bit register for signal <exp_result<2>>.
    Found 1-bit register for signal <exp_result<1>>.
    Found 1-bit register for signal <exp_result<0>>.
    Found 1-bit register for signal <result<31>>.
    Found 1-bit register for signal <result<30>>.
    Found 1-bit register for signal <result<29>>.
    Found 1-bit register for signal <result<28>>.
    Found 1-bit register for signal <result<27>>.
    Found 1-bit register for signal <result<26>>.
    Found 1-bit register for signal <result<25>>.
    Found 1-bit register for signal <result<24>>.
    Found 1-bit register for signal <result<23>>.
    Found 1-bit register for signal <result<22>>.
    Found 1-bit register for signal <result<21>>.
    Found 1-bit register for signal <result<20>>.
    Found 1-bit register for signal <result<19>>.
    Found 1-bit register for signal <result<18>>.
    Found 1-bit register for signal <result<17>>.
    Found 1-bit register for signal <result<16>>.
    Found 1-bit register for signal <result<15>>.
    Found 1-bit register for signal <result<14>>.
    Found 1-bit register for signal <result<13>>.
    Found 1-bit register for signal <result<12>>.
    Found 1-bit register for signal <result<11>>.
    Found 1-bit register for signal <result<10>>.
    Found 1-bit register for signal <result<9>>.
    Found 1-bit register for signal <result<8>>.
    Found 1-bit register for signal <result<7>>.
    Found 1-bit register for signal <result<6>>.
    Found 1-bit register for signal <result<5>>.
    Found 1-bit register for signal <result<4>>.
    Found 1-bit register for signal <result<3>>.
    Found 1-bit register for signal <result<2>>.
    Found 1-bit register for signal <result<1>>.
    Found 1-bit register for signal <result<0>>.
    Found 1-bit register for signal <exp_common<7>>.
    Found 1-bit register for signal <exp_common<6>>.
    Found 1-bit register for signal <exp_common<5>>.
    Found 1-bit register for signal <exp_common<4>>.
    Found 1-bit register for signal <exp_common<3>>.
    Found 1-bit register for signal <exp_common<2>>.
    Found 1-bit register for signal <exp_common<1>>.
    Found 1-bit register for signal <exp_common<0>>.
    Summary:
	inferred 145 D-type flip-flop(s).
Unit <adder_float> synthesized.

Synthesizing Unit <substractor_float>.
    Related source file is "E:\Documents\DSD_Group_Final\riscv-processor-dsd-project\Final_Version\Inidivual_V2.0\substractor_float.v".
    Found 1-bit register for signal <mantissa_diff<23>>.
    Found 1-bit register for signal <mantissa_diff<22>>.
    Found 1-bit register for signal <mantissa_diff<21>>.
    Found 1-bit register for signal <mantissa_diff<20>>.
    Found 1-bit register for signal <mantissa_diff<19>>.
    Found 1-bit register for signal <mantissa_diff<18>>.
    Found 1-bit register for signal <mantissa_diff<17>>.
    Found 1-bit register for signal <mantissa_diff<16>>.
    Found 1-bit register for signal <mantissa_diff<15>>.
    Found 1-bit register for signal <mantissa_diff<14>>.
    Found 1-bit register for signal <mantissa_diff<13>>.
    Found 1-bit register for signal <mantissa_diff<12>>.
    Found 1-bit register for signal <mantissa_diff<11>>.
    Found 1-bit register for signal <mantissa_diff<10>>.
    Found 1-bit register for signal <mantissa_diff<9>>.
    Found 1-bit register for signal <mantissa_diff<8>>.
    Found 1-bit register for signal <mantissa_diff<7>>.
    Found 1-bit register for signal <mantissa_diff<6>>.
    Found 1-bit register for signal <mantissa_diff<5>>.
    Found 1-bit register for signal <mantissa_diff<4>>.
    Found 1-bit register for signal <mantissa_diff<3>>.
    Found 1-bit register for signal <mantissa_diff<2>>.
    Found 1-bit register for signal <mantissa_diff<1>>.
    Found 1-bit register for signal <mantissa_diff<0>>.
    Found 1-bit register for signal <result<31>>.
    Found 1-bit register for signal <result<30>>.
    Found 1-bit register for signal <result<29>>.
    Found 1-bit register for signal <result<28>>.
    Found 1-bit register for signal <result<27>>.
    Found 1-bit register for signal <result<26>>.
    Found 1-bit register for signal <result<25>>.
    Found 1-bit register for signal <result<24>>.
    Found 1-bit register for signal <result<23>>.
    Found 1-bit register for signal <result<22>>.
    Found 1-bit register for signal <result<21>>.
    Found 1-bit register for signal <result<20>>.
    Found 1-bit register for signal <result<19>>.
    Found 1-bit register for signal <result<18>>.
    Found 1-bit register for signal <result<17>>.
    Found 1-bit register for signal <result<16>>.
    Found 1-bit register for signal <result<15>>.
    Found 1-bit register for signal <result<14>>.
    Found 1-bit register for signal <result<13>>.
    Found 1-bit register for signal <result<12>>.
    Found 1-bit register for signal <result<11>>.
    Found 1-bit register for signal <result<10>>.
    Found 1-bit register for signal <result<9>>.
    Found 1-bit register for signal <result<8>>.
    Found 1-bit register for signal <result<7>>.
    Found 1-bit register for signal <result<6>>.
    Found 1-bit register for signal <result<5>>.
    Found 1-bit register for signal <result<4>>.
    Found 1-bit register for signal <result<3>>.
    Found 1-bit register for signal <result<2>>.
    Found 1-bit register for signal <result<1>>.
    Found 1-bit register for signal <result<0>>.
    Summary:
	inferred  56 D-type flip-flop(s).
Unit <substractor_float> synthesized.

Synthesizing Unit <leading_zero_counter_sync>.
    Related source file is "E:\Documents\DSD_Group_Final\riscv-processor-dsd-project\Final_Version\Inidivual_V2.0\substractor_float.v".
    Found 5-bit register for signal <count>.
    Summary:
	inferred   5 D-type flip-flop(s).
	inferred  42 Multiplexer(s).
Unit <leading_zero_counter_sync> synthesized.

Synthesizing Unit <fp_multiplier_32>.
    Related source file is "E:\Documents\DSD_Group_Final\riscv-processor-dsd-project\Final_Version\Inidivual_V2.0\fp_multiplier_32.v".
    Found 1-bit register for signal <result<31>>.
    Found 1-bit register for signal <result<30>>.
    Found 1-bit register for signal <result<29>>.
    Found 1-bit register for signal <result<28>>.
    Found 1-bit register for signal <result<27>>.
    Found 1-bit register for signal <result<26>>.
    Found 1-bit register for signal <result<25>>.
    Found 1-bit register for signal <result<24>>.
    Found 1-bit register for signal <result<23>>.
    Found 1-bit register for signal <result<22>>.
    Found 1-bit register for signal <result<21>>.
    Found 1-bit register for signal <result<20>>.
    Found 1-bit register for signal <result<19>>.
    Found 1-bit register for signal <result<18>>.
    Found 1-bit register for signal <result<17>>.
    Found 1-bit register for signal <result<16>>.
    Found 1-bit register for signal <result<15>>.
    Found 1-bit register for signal <result<14>>.
    Found 1-bit register for signal <result<13>>.
    Found 1-bit register for signal <result<12>>.
    Found 1-bit register for signal <result<11>>.
    Found 1-bit register for signal <result<10>>.
    Found 1-bit register for signal <result<9>>.
    Found 1-bit register for signal <result<8>>.
    Found 1-bit register for signal <result<7>>.
    Found 1-bit register for signal <result<6>>.
    Found 1-bit register for signal <result<5>>.
    Found 1-bit register for signal <result<4>>.
    Found 1-bit register for signal <result<3>>.
    Found 1-bit register for signal <result<2>>.
    Found 1-bit register for signal <result<1>>.
    Found 1-bit register for signal <result<0>>.
    Summary:
	inferred  32 D-type flip-flop(s).
Unit <fp_multiplier_32> synthesized.

=========================================================================
HDL Synthesis Report

Found no macro
=========================================================================

=========================================================================
*                       Advanced HDL Synthesis                          *
=========================================================================


=========================================================================
Advanced HDL Synthesis Report

Found no macro
=========================================================================

=========================================================================
*                         Low Level Synthesis                           *
=========================================================================

Optimizing unit <tb_top_fp_operations> ...

Mapping all equations...
Building and optimizing final netlist ...
Found area constraint ratio of 100 (+ 5) on block tb_top_fp_operations, actual ratio is 0.

Final Macro Processing ...

=========================================================================
Final Register Report

Found no macro
=========================================================================

=========================================================================
*                           Partition Report                            *
=========================================================================

Partition Implementation Status
-------------------------------

  No Partitions were found in this design.

-------------------------------

=========================================================================
*                            Design Summary                             *
=========================================================================

Top Level Output File Name         : tb_top_fp_operations.ngc

Primitive and Black Box Usage:
------------------------------

Device utilization summary:
---------------------------

Selected Device : 6slx45csg324-2 


Slice Logic Utilization: 

Slice Logic Distribution: 
 Number of LUT Flip Flop pairs used:      0
   Number with an unused Flip Flop:       0  out of      0         
   Number with an unused LUT:             0  out of      0         
   Number of fully used LUT-FF pairs:     0  out of      0         
   Number of unique control sets:         0

IO Utilization: 
 Number of IOs:                           0
 Number of bonded IOBs:                   0  out of    218     0%  

Specific Feature Utilization:

---------------------------
Partition Resource Summary:
---------------------------

  No Partitions were found in this design.

---------------------------


=========================================================================
Timing Report

NOTE: THESE TIMING NUMBERS ARE ONLY A SYNTHESIS ESTIMATE.
      FOR ACCURATE TIMING INFORMATION PLEASE REFER TO THE TRACE REPORT
      GENERATED AFTER PLACE-and-ROUTE.

Clock Information:
------------------
No clock signals found in this design

Asynchronous Control Signals Information:
----------------------------------------
No asynchronous control signals found in this design

Timing Summary:
---------------
Speed Grade: -2

   Minimum period: No path found
   Minimum input arrival time before clock: No path found
   Maximum output required time after clock: No path found
   Maximum combinational path delay: No path found

Timing Details:
---------------
All values displayed in nanoseconds (ns)

=========================================================================

Cross Clock Domains Report:
--------------------------

=========================================================================


Total REAL time to Xst completion: 14.00 secs
Total CPU time to Xst completion: 14.26 secs
 
--> 

Total memory usage is 4503760 kilobytes

Number of errors   :    0 (   0 filtered)
Number of warnings :   10 (   0 filtered)
Number of infos    :    2 (   0 filtered)

