Command line:
   clock_isim_beh.exe
     -simmode  gui
     -simrunnum  0
     -socket  61453

Sat Jan 04 19:57:40 2025


 Elaboration Time: 0.0625 sec

 Current Memory Usage: 5151.3 Meg

 Total Signals          : 15
 Total Nets             : 16
 Total Signal Drivers   : 6
 Total Blocks           : 2
 Total Primitive Blocks : 2
 Total Processes        : 9
 Total Traceable Variables  : 22
 Total Scalar Nets and Variables : 185
Total Line Count : 25

 Total Simulation Time: 0.0625 sec

 Current Memory Usage: 5151.3 Meg

Sat Jan 04 19:57:49 2025

